
########################################################################
#      Date:           Sun Feb  9 03:06:17 PST 2020
#    Job ID:           486320.v-qsvr-1.aidevcloud
#      User:           u32248
# Resources:           neednodes=s001-n021:ppn=2,nodes=s001-n021:ppn=2,walltime=24:00:00
########################################################################

     24 
     24 address sizes	: 46 bits physical, 48 bits virtual
      1 apicid		: 0
      1 apicid		: 1
      1 apicid		: 12
      1 apicid		: 13
      1 apicid		: 26
      1 apicid		: 27
      1 apicid		: 32
      1 apicid		: 33
      1 apicid		: 4
      1 apicid		: 44
      1 apicid		: 45
      1 apicid		: 5
      1 apicid		: 50
      1 apicid		: 51
      1 apicid		: 52
      1 apicid		: 53
      1 apicid		: 54
      1 apicid		: 55
      1 apicid		: 58
      1 apicid		: 59
      1 apicid		: 6
      1 apicid		: 7
      1 apicid		: 8
      1 apicid		: 9
     12 bogomips	: 6800.00
     12 bogomips	: 6801.94
     24 bugs		: cpu_meltdown spectre_v1 spectre_v2 spec_store_bypass l1tf mds swapgs
     24 cache_alignment	: 64
     24 cache size	: 19712 KB
     24 clflush size	: 64
      4 core id		: 0
      2 core id		: 10
      2 core id		: 11
      4 core id		: 13
      2 core id		: 2
      2 core id		: 3
      2 core id		: 4
      4 core id		: 6
      2 core id		: 9
     24 cpu cores	: 6
     24 cpu family	: 6
     24 cpuid level	: 22
      1 cpu MHz		: 1199.908
      1 cpu MHz		: 1200.013
      1 cpu MHz		: 1200.132
      1 cpu MHz		: 1200.134
      1 cpu MHz		: 1200.187
      1 cpu MHz		: 1200.197
      1 cpu MHz		: 1200.227
      1 cpu MHz		: 1200.285
      1 cpu MHz		: 1200.340
      1 cpu MHz		: 1200.348
      1 cpu MHz		: 1200.524
      1 cpu MHz		: 1200.635
      1 cpu MHz		: 1200.647
      1 cpu MHz		: 1200.661
      1 cpu MHz		: 1200.696
      1 cpu MHz		: 1200.719
      1 cpu MHz		: 1200.763
      1 cpu MHz		: 1200.798
      1 cpu MHz		: 1200.939
      1 cpu MHz		: 1201.094
      1 cpu MHz		: 1201.202
      1 cpu MHz		: 1201.247
      1 cpu MHz		: 1201.482
      1 cpu MHz		: 1201.529
     24 flags		: fpu vme de pse tsc msr pae mce cx8 apic sep mtrr pge mca cmov pat pse36 clflush dts acpi mmx fxsr sse sse2 ss ht tm pbe syscall nx pdpe1gb rdtscp lm constant_tsc art arch_perfmon pebs bts rep_good nopl xtopology nonstop_tsc cpuid aperfmperf pni pclmulqdq dtes64 monitor ds_cpl vmx smx est tm2 ssse3 sdbg fma cx16 xtpr pdcm pcid dca sse4_1 sse4_2 x2apic movbe popcnt tsc_deadline_timer aes xsave avx f16c rdrand lahf_lm abm 3dnowprefetch cpuid_fault epb cat_l3 cdp_l3 invpcid_single pti intel_ppin ssbd mba ibrs ibpb stibp tpr_shadow vnmi flexpriority ept vpid fsgsbase tsc_adjust bmi1 hle avx2 smep bmi2 erms invpcid rtm cqm mpx rdt_a avx512f avx512dq rdseed adx smap clflushopt clwb intel_pt avx512cd avx512bw avx512vl xsaveopt xsavec xgetbv1 xsaves cqm_llc cqm_occup_llc cqm_mbm_total cqm_mbm_local dtherm ida arat pln pts hwp hwp_act_window hwp_epp hwp_pkg_req pku ospke md_clear flush_l1d
     24 fpu_exception	: yes
     24 fpu		: yes
      1 initial apicid	: 0
      1 initial apicid	: 1
      1 initial apicid	: 12
      1 initial apicid	: 13
      1 initial apicid	: 26
      1 initial apicid	: 27
      1 initial apicid	: 32
      1 initial apicid	: 33
      1 initial apicid	: 4
      1 initial apicid	: 44
      1 initial apicid	: 45
      1 initial apicid	: 5
      1 initial apicid	: 50
      1 initial apicid	: 51
      1 initial apicid	: 52
      1 initial apicid	: 53
      1 initial apicid	: 54
      1 initial apicid	: 55
      1 initial apicid	: 58
      1 initial apicid	: 59
      1 initial apicid	: 6
      1 initial apicid	: 7
      1 initial apicid	: 8
      1 initial apicid	: 9
     24 microcode	: 0x2000065
     24 model		: 85
     24 model name	: Intel(R) Xeon(R) Gold 6128 CPU @ 3.40GHz
     12 physical id	: 0
     12 physical id	: 1
     24 power management:
      1 processor	: 0
      1 processor	: 1
      1 processor	: 10
      1 processor	: 11
      1 processor	: 12
      1 processor	: 13
      1 processor	: 14
      1 processor	: 15
      1 processor	: 16
      1 processor	: 17
      1 processor	: 18
      1 processor	: 19
      1 processor	: 2
      1 processor	: 20
      1 processor	: 21
      1 processor	: 22
      1 processor	: 23
      1 processor	: 3
      1 processor	: 4
      1 processor	: 5
      1 processor	: 6
      1 processor	: 7
      1 processor	: 8
      1 processor	: 9
     24 siblings	: 12
     24 stepping	: 4
     24 vendor_id	: GenuineIntel
     24 wp		: yes
MemTotal:       197771896 kB
MemFree:        197018960 kB
MemAvailable:   196066408 kB
Buffers:           10344 kB
Cached:            99956 kB
SwapCached:            0 kB
Active:           121200 kB
Inactive:          38740 kB
Active(anon):      87736 kB
Inactive(anon):     1952 kB
Active(file):      33464 kB
Inactive(file):    36788 kB
Unevictable:       75036 kB
Mlocked:           75052 kB
SwapTotal:       1998844 kB
SwapFree:        1998844 kB
Dirty:               288 kB
Writeback:             0 kB
AnonPages:        124784 kB
Mapped:            82380 kB
Shmem:              1952 kB
Slab:             108200 kB
SReclaimable:      43124 kB
SUnreclaim:        65076 kB
KernelStack:        6496 kB
PageTables:         4120 kB
NFS_Unstable:          0 kB
Bounce:                0 kB
WritebackTmp:          0 kB
CommitLimit:    100884792 kB
Committed_AS:     445960 kB
VmallocTotal:   34359738367 kB
VmallocUsed:           0 kB
VmallocChunk:          0 kB
HardwareCorrupted:     0 kB
AnonHugePages:         0 kB
ShmemHugePages:        0 kB
ShmemPmdMapped:        0 kB
CmaTotal:              0 kB
CmaFree:               0 kB
HugePages_Total:       0
HugePages_Free:        0
HugePages_Rsvd:        0
HugePages_Surp:        0
Hugepagesize:       2048 kB
DirectMap4k:      234860 kB
DirectMap2M:     6785024 kB
DirectMap1G:    196083712 kB

Per-node numastat info (in MBs):
                          Node 0          Node 1           Total
                 --------------- --------------- ---------------
Numa_Hit                38768.70        40138.73        78907.43
Numa_Miss                   0.00            0.00            0.00
Numa_Foreign                0.00            0.00            0.00
Interleave_Hit            164.92          165.09          330.02
Local_Node              38748.00        39970.09        78718.09
Other_Node                 20.70          168.64          189.34

########################################################################
# End of output for job 486320.v-qsvr-1.aidevcloud
# Date: Sun Feb  9 03:31:54 PST 2020
########################################################################


########################################################################
# End of output for job 486320.v-qsvr-1.aidevcloud
# Date: Sun Feb  9 03:31:54 PST 2020
########################################################################

